Report time       : Sat Dec 12 08:48:41 EST 2020.
Solution          : ntt_opt3__inloop_unroll.
Simulation tool   : xsim.

+----------+----------+-----------------------------------------------+-----------------------------------------------+
|          |          |                    Latency                    |                    Interval                   |
+   RTL    +  Status  +-----------------------------------------------+-----------------------------------------------+
|          |          |      min      |      avg      |      max      |      min      |      avg      |      max      |
+----------+----------+-----------------------------------------------+-----------------------------------------------+
|      VHDL|        NA|             NA|             NA|             NA|             NA|             NA|             NA|
|   Verilog|      Pass|           9998|           9998|           9998|           9999|           9999|           9999|
+----------+----------+-----------------------------------------------+-----------------------------------------------+
