Report time       : Sat Dec 12 08:54:08 EST 2020.
Solution          : ntt_opt4__inloop_pipe.
Simulation tool   : xsim.

+----------+----------+-----------------------------------------------+-----------------------------------------------+
|          |          |                    Latency                    |                    Interval                   |
+   RTL    +  Status  +-----------------------------------------------+-----------------------------------------------+
|          |          |      min      |      avg      |      max      |      min      |      avg      |      max      |
+----------+----------+-----------------------------------------------+-----------------------------------------------+
|      VHDL|        NA|             NA|             NA|             NA|             NA|             NA|             NA|
|   Verilog|      Pass|          10253|          10253|          10253|          10254|          10254|          10254|
+----------+----------+-----------------------------------------------+-----------------------------------------------+
