

================================================================
== Vivado HLS Report for 'ntt'
================================================================
* Date:           Sat Dec 12 08:57:22 2020

* Version:        2018.3 (Build 2405991 on Thu Dec 06 23:56:15 MST 2018)
* Project:        dilithium1.prj
* Solution:       ntt_opt5__microarch
* Product family: artix7
* Target device:  xc7a200tfbg676-2


================================================================
== Performance Estimates
================================================================
+ Timing (ns): 
    * Summary: 
    +--------+-------+----------+------------+
    |  Clock | Target| Estimated| Uncertainty|
    +--------+-------+----------+------------+
    |ap_clk  |  10.00|     8.363|        1.25|
    +--------+-------+----------+------------+

+ Latency (clock cycles): 
    * Summary: 
    +-----+-----+-----+-----+---------+
    |  Latency  |  Interval | Pipeline|
    | min | max | min | max |   Type  |
    +-----+-----+-----+-----+---------+
    |    ?|    ?|    ?|    ?|   none  |
    +-----+-----+-----+-----+---------+

    + Detail: 
        * Instance: 
        N/A

        * Loop: 
        +------------------+-----+-----+----------+-----------+-----------+------+----------+
        |                  |  Latency  | Iteration|  Initiation Interval  | Trip |          |
        |     Loop Name    | min | max |  Latency |  achieved |   target  | Count| Pipelined|
        +------------------+-----+-----+----------+-----------+-----------+------+----------+
        |- ntt_label32     |    ?|    ?|         ?|          -|          -|     8|    no    |
        | + ntt_label32.1  |    ?|    ?|         ?|          -|          -|     ?|    no    |
        |  ++ ntt_label2   |    ?|    ?|         8|          -|          -|     ?|    no    |
        +------------------+-----+-----+----------+-----------+-----------+------+----------+



================================================================
== Utilization Estimates
================================================================
* Summary: 
+-----------------+---------+-------+--------+--------+
|       Name      | BRAM_18K| DSP48E|   FF   |   LUT  |
+-----------------+---------+-------+--------+--------+
|DSP              |        -|      -|       -|       -|
|Expression       |        -|      2|       0|     717|
|FIFO             |        -|      -|       -|       -|
|Instance         |        -|      -|       -|       -|
|Memory           |        1|      -|       0|       0|
|Multiplexer      |        -|      -|       -|     128|
|Register         |        -|      -|     495|       -|
+-----------------+---------+-------+--------+--------+
|Total            |        1|      2|     495|     845|
+-----------------+---------+-------+--------+--------+
|Available        |      730|    740|  269200|  129000|
+-----------------+---------+-------+--------+--------+
|Utilization (%)  |    ~0   |   ~0  |   ~0   |   ~0   |
+-----------------+---------+-------+--------+--------+

+ Detail: 
    * Instance: 
    N/A

    * DSP48: 
    N/A

    * Memory: 
    +---------+-----------+---------+---+----+------+-----+------+-------------+
    |  Memory |   Module  | BRAM_18K| FF| LUT| Words| Bits| Banks| W*Bits*Banks|
    +---------+-----------+---------+---+----+------+-----+------+-------------+
    |zetas_U  |ntt_zetas  |        1|  0|   0|   256|   23|     1|         5888|
    +---------+-----------+---------+---+----+------+-----+------+-------------+
    |Total    |           |        1|  0|   0|   256|   23|     1|         5888|
    +---------+-----------+---------+---+----+------+-----+------+-------------+

    * FIFO: 
    N/A

    * Expression: 
    +----------------------+----------+-------+---+----+------------+------------+
    |     Variable Name    | Operation| DSP48E| FF| LUT| Bitwidth P0| Bitwidth P1|
    +----------------------+----------+-------+---+----+------------+------------+
    |a_assign_fu_271_p2    |     *    |      2|  0|  21|          23|          32|
    |j_1_fu_254_p2         |     +    |      0|  0|  38|           1|          31|
    |k_1_fu_194_p2         |     +    |      0|  0|  39|           1|          32|
    |tmp1_fu_355_p2        |     +    |      0|  0|  62|          55|          55|
    |tmp_11_fu_403_p2      |     +    |      0|  0|  39|          32|          32|
    |tmp_12_fu_413_p2      |     +    |      0|  0|  39|          32|          32|
    |tmp_13_fu_260_p2      |     +    |      0|  0|  38|          31|          31|
    |tmp_19_i_fu_364_p2    |     +    |      0|  0|  63|          56|          56|
    |tmp_4_fu_199_p2       |     +    |      0|  0|  38|          31|          31|
    |tmp_9_fu_239_p2       |     +    |      0|  0|  38|          31|          31|
    |sum3_neg_i_fu_318_p2  |     -    |      0|  0|  32|          32|          32|
    |sum_neg_i_fu_313_p2   |     -    |      0|  0|  39|          32|          32|
    |t_fu_374_p2           |     -    |      0|  0|  64|          57|          57|
    |temp_1_fu_324_p2      |     -    |      0|  0|  32|          32|          32|
    |tmp_10_fu_393_p2      |     -    |      0|  0|  33|          24|          26|
    |icmp_fu_166_p2        |   icmp   |      0|  0|  18|          23|           1|
    |tmp_5_fu_204_p2       |   icmp   |      0|  0|  18|          31|          31|
    |tmp_8_fu_234_p2       |   icmp   |      0|  0|  18|          31|          31|
    |tmp_fu_150_p2         |   icmp   |      0|  0|  18|          29|           1|
    |start_fu_218_p3       |  select  |      0|  0|  30|           1|          30|
    +----------------------+----------+-------+---+----+------------+------------+
    |Total                 |          |      2|  0| 717|         585|         636|
    +----------------------+----------+-------+---+----+------------+------------+

    * Multiplexer: 
    +-------------+----+-----------+-----+-----------+
    |     Name    | LUT| Input Size| Bits| Total Bits|
    +-------------+----+-----------+-----+-----------+
    |ap_NS_fsm    |  56|         13|    1|         13|
    |j1_reg_131   |   9|          2|   31|         62|
    |j_reg_119    |   9|          2|   31|         62|
    |k_fu_70      |   9|          2|   32|         64|
    |len_reg_107  |   9|          2|    8|         16|
    |p_address0   |  21|          4|    8|         32|
    |p_d0         |  15|          3|   32|         96|
    +-------------+----+-----------+-----+-----------+
    |Total        | 128|         28|  143|        345|
    +-------------+----+-----------+-----+-----------+

    * Register: 
    +------------------------+----+----+-----+-----------+
    |          Name          | FF | LUT| Bits| Const Bits|
    +------------------------+----+----+-----+-----------+
    |a_assign_reg_503        |  55|   0|   55|          0|
    |ap_CS_fsm               |  12|   0|   12|          0|
    |j1_reg_131              |  31|   0|   31|          0|
    |j_1_reg_488             |  31|   0|   31|          0|
    |j_reg_119               |  31|   0|   31|          0|
    |k_1_reg_455             |  32|   0|   32|          0|
    |k_fu_70                 |  32|   0|   32|          0|
    |len_cast_cast4_reg_427  |   8|   0|   31|         23|
    |len_reg_107             |   8|   0|   29|         21|
    |p_addr_1_reg_483        |   8|   0|    8|          0|
    |p_addr_reg_478          |   8|   0|    8|          0|
    |p_load_reg_498          |  32|   0|   32|          0|
    |start_cast_reg_465      |  30|   0|   31|          1|
    |temp_1_reg_528          |  32|   0|   32|          0|
    |temp_reg_508            |  32|   0|   32|          0|
    |tmp_19_reg_513          |   6|   0|    6|          0|
    |tmp_20_reg_518          |   9|   0|    9|          0|
    |tmp_21_reg_523          |  19|   0|   19|          0|
    |tmp_4_reg_460           |  31|   0|   31|          0|
    |tmp_6_cast_reg_470      |  23|   0|   55|         32|
    |tmp_7_reg_535           |  25|   0|   25|          0|
    +------------------------+----+----+-----+-----------+
    |Total                   | 495|   0|  572|         77|
    +------------------------+----+----+-----+-----------+



================================================================
== Interface
================================================================
* Summary: 
+------------+-----+-----+------------+--------------+--------------+
|  RTL Ports | Dir | Bits|  Protocol  | Source Object|    C Type    |
+------------+-----+-----+------------+--------------+--------------+
|ap_clk      |  in |    1| ap_ctrl_hs |      ntt     | return value |
|ap_rst      |  in |    1| ap_ctrl_hs |      ntt     | return value |
|ap_start    |  in |    1| ap_ctrl_hs |      ntt     | return value |
|ap_done     | out |    1| ap_ctrl_hs |      ntt     | return value |
|ap_idle     | out |    1| ap_ctrl_hs |      ntt     | return value |
|ap_ready    | out |    1| ap_ctrl_hs |      ntt     | return value |
|p_address0  | out |    8|  ap_memory |       p      |     array    |
|p_ce0       | out |    1|  ap_memory |       p      |     array    |
|p_we0       | out |    1|  ap_memory |       p      |     array    |
|p_d0        | out |   32|  ap_memory |       p      |     array    |
|p_q0        |  in |   32|  ap_memory |       p      |     array    |
+------------+-----+-----+------------+--------------+--------------+

