Report time       : Sat Dec 12 09:38:49 EST 2020.
Solution          : ntt_opt6_1+2+5.
Simulation tool   : xsim.

+----------+----------+-----------------------------------------------+-----------------------------------------------+
|          |          |                    Latency                    |                    Interval                   |
+   RTL    +  Status  +-----------------------------------------------+-----------------------------------------------+
|          |          |      min      |      avg      |      max      |      min      |      avg      |      max      |
+----------+----------+-----------------------------------------------+-----------------------------------------------+
|      VHDL|        NA|             NA|             NA|             NA|             NA|             NA|             NA|
|   Verilog|      Pass|           6917|           6917|           6917|           6918|           6918|           6918|
+----------+----------+-----------------------------------------------+-----------------------------------------------+
