Report time       : Sat Dec 12 08:39:49 EST 2020.
Solution          : ntt_opt1__outloop_unroll.
Simulation tool   : xsim.

+----------+----------+-----------------------------------------------+-----------------------------------------------+
|          |          |                    Latency                    |                    Interval                   |
+   RTL    +  Status  +-----------------------------------------------+-----------------------------------------------+
|          |          |      min      |      avg      |      max      |      min      |      avg      |      max      |
+----------+----------+-----------------------------------------------+-----------------------------------------------+
|      VHDL|        NA|             NA|             NA|             NA|             NA|             NA|             NA|
|   Verilog|      Pass|           7941|           7941|           7941|           7942|           7942|           7942|
+----------+----------+-----------------------------------------------+-----------------------------------------------+
