Report time       : Sat Dec 12 08:59:46 EST 2020.
Solution          : ntt_opt5__microarch.
Simulation tool   : xsim.

+----------+----------+-----------------------------------------------+-----------------------------------------------+
|          |          |                    Latency                    |                    Interval                   |
+   RTL    +  Status  +-----------------------------------------------+-----------------------------------------------+
|          |          |      min      |      avg      |      max      |      min      |      avg      |      max      |
+----------+----------+-----------------------------------------------+-----------------------------------------------+
|      VHDL|        NA|             NA|             NA|             NA|             NA|             NA|             NA|
|   Verilog|      Pass|           8974|           8974|           8974|           8975|           8975|           8975|
+----------+----------+-----------------------------------------------+-----------------------------------------------+
